[debug] [2026-03-26T13:50:45.389Z] ----------------------------------------------------------------------
[debug] [2026-03-26T13:50:45.392Z] Command:       C:\Program Files\nodejs\node.exe C:\Users\harin\AppData\Roaming\npm\node_modules\firebase-tools\lib\bin\firebase.js init
[debug] [2026-03-26T13:50:45.392Z] CLI Version:   15.11.0
[debug] [2026-03-26T13:50:45.392Z] Platform:      win32
[debug] [2026-03-26T13:50:45.392Z] Node Version:  v24.14.1
[debug] [2026-03-26T13:50:45.392Z] Time:          Thu Mar 26 2026 19:20:45 GMT+0530 (India Standard Time)
[debug] [2026-03-26T13:50:45.392Z] ----------------------------------------------------------------------
[debug] 
[info] 
     ######## #### ########  ######## ########     ###     ######  ########
     ##        ##  ##     ## ##       ##     ##  ##   ##  ##       ##
     ######    ##  ########  ######   ########  #########  ######  ######
     ##        ##  ##    ##  ##       ##     ## ##     ##       ## ##
     ##       #### ##     ## ######## ########  ##     ##  ######  ########

You're about to initialize a Firebase project in this directory:

  D:\vedikadai

[info] 
=== Project Setup
[info] 
[info] First, let's associate this project directory with a Firebase project.
[info] You can create multiple project aliases by running firebase use --add, 
[info] 
[debug] [2026-03-26T13:51:37.487Z] > command requires scopes: ["email","openid","https://www.googleapis.com/auth/cloudplatformprojects.readonly","https://www.googleapis.com/auth/firebase","https://www.googleapis.com/auth/cloud-platform"]
[debug] [2026-03-26T13:51:37.487Z] > authorizing via signed-in user (127158017@sastra.ac.in)
[debug] [2026-03-26T13:51:37.488Z] Checked if tokens are valid: true, expires at: 1774536579075
[debug] [2026-03-26T13:51:37.488Z] Checked if tokens are valid: true, expires at: 1774536579075
[debug] [2026-03-26T13:51:37.489Z] >>> [apiv2][query] GET https://firebase.googleapis.com/v1beta1/projects pageSize=100
[debug] [2026-03-26T13:51:38.476Z] <<< [apiv2][status] GET https://firebase.googleapis.com/v1beta1/projects 200
[debug] [2026-03-26T13:51:38.476Z] <<< [apiv2][body] GET https://firebase.googleapis.com/v1beta1/projects [omitted]
[info] 
=== Hosting Setup
[info] 
[info] 
=== App Hosting Setup
[debug] [2026-03-26T13:52:05.319Z] Checked if tokens are valid: true, expires at: 1774536579075
[debug] [2026-03-26T13:52:05.319Z] Checked if tokens are valid: true, expires at: 1774536579075
[debug] [2026-03-26T13:52:05.319Z] >>> [apiv2][query] GET https://cloudbilling.googleapis.com/v1/projects/ecommerce-8d256/billingInfo [none]
[debug] [2026-03-26T13:52:07.198Z] <<< [apiv2][status] GET https://cloudbilling.googleapis.com/v1/projects/ecommerce-8d256/billingInfo 200
[debug] [2026-03-26T13:52:07.198Z] <<< [apiv2][body] GET https://cloudbilling.googleapis.com/v1/projects/ecommerce-8d256/billingInfo {"name":"projects/ecommerce-8d256/billingInfo","projectId":"ecommerce-8d256","billingAccountName":"billingAccounts/01A5E6-F30F0F-B75CAE","billingEnabled":true}
[debug] [2026-03-26T13:52:07.199Z] Checked if tokens are valid: true, expires at: 1774536579075
[debug] [2026-03-26T13:52:07.199Z] Checked if tokens are valid: true, expires at: 1774536579075
[debug] [2026-03-26T13:52:07.199Z] >>> [apiv2][query] GET https://serviceusage.googleapis.com/v1/projects/ecommerce-8d256/services/firebaseapphosting.googleapis.com [none]
[debug] [2026-03-26T13:52:07.199Z] >>> [apiv2][(partial)header] GET https://serviceusage.googleapis.com/v1/projects/ecommerce-8d256/services/firebaseapphosting.googleapis.com  x-goog-user-project=ecommerce-8d256
[debug] [2026-03-26T13:52:09.431Z] <<< [apiv2][status] GET https://serviceusage.googleapis.com/v1/projects/ecommerce-8d256/services/firebaseapphosting.googleapis.com 200
[debug] [2026-03-26T13:52:09.431Z] <<< [apiv2][body] GET https://serviceusage.googleapis.com/v1/projects/ecommerce-8d256/services/firebaseapphosting.googleapis.com [omitted]
[debug] [2026-03-26T13:52:09.431Z] Checked if tokens are valid: true, expires at: 1774536579075
[debug] [2026-03-26T13:52:09.431Z] Checked if tokens are valid: true, expires at: 1774536579075
[debug] [2026-03-26T13:52:09.431Z] >>> [apiv2][query] POST https://serviceusage.googleapis.com/v1/projects/ecommerce-8d256/services/firebaseapphosting.googleapis.com:enable [none]
[debug] [2026-03-26T13:52:09.431Z] >>> [apiv2][(partial)header] POST https://serviceusage.googleapis.com/v1/projects/ecommerce-8d256/services/firebaseapphosting.googleapis.com:enable  x-goog-user-project=ecommerce-8d256
[debug] [2026-03-26T13:52:11.342Z] <<< [apiv2][status] POST https://serviceusage.googleapis.com/v1/projects/ecommerce-8d256/services/firebaseapphosting.googleapis.com:enable 200
[debug] [2026-03-26T13:52:11.342Z] <<< [apiv2][body] POST https://serviceusage.googleapis.com/v1/projects/ecommerce-8d256/services/firebaseapphosting.googleapis.com:enable [omitted]
[debug] [2026-03-26T13:52:21.353Z] Checked if tokens are valid: true, expires at: 1774536579075
[debug] [2026-03-26T13:52:21.353Z] Checked if tokens are valid: true, expires at: 1774536579075
[debug] [2026-03-26T13:52:21.354Z] Checked if tokens are valid: true, expires at: 1774536579075
[debug] [2026-03-26T13:52:21.354Z] Checked if tokens are valid: true, expires at: 1774536579075
[debug] [2026-03-26T13:52:21.354Z] Checked if tokens are valid: true, expires at: 1774536579075
[debug] [2026-03-26T13:52:21.354Z] Checked if tokens are valid: true, expires at: 1774536579075
[debug] [2026-03-26T13:52:21.354Z] Checked if tokens are valid: true, expires at: 1774536579075
[debug] [2026-03-26T13:52:21.354Z] Checked if tokens are valid: true, expires at: 1774536579075
[debug] [2026-03-26T13:52:21.354Z] Checked if tokens are valid: true, expires at: 1774536579075
[debug] [2026-03-26T13:52:21.354Z] Checked if tokens are valid: true, expires at: 1774536579075
[debug] [2026-03-26T13:52:21.354Z] Checked if tokens are valid: true, expires at: 1774536579075
[debug] [2026-03-26T13:52:21.355Z] Checked if tokens are valid: true, expires at: 1774536579075
[debug] [2026-03-26T13:52:21.355Z] >>> [apiv2][query] GET https://serviceusage.googleapis.com/v1/projects/ecommerce-8d256/services/developerconnect.googleapis.com [none]
[debug] [2026-03-26T13:52:21.355Z] >>> [apiv2][(partial)header] GET https://serviceusage.googleapis.com/v1/projects/ecommerce-8d256/services/developerconnect.googleapis.com  x-goog-user-project=ecommerce-8d256
[debug] [2026-03-26T13:52:21.356Z] >>> [apiv2][query] GET https://serviceusage.googleapis.com/v1/projects/ecommerce-8d256/services/cloudbuild.googleapis.com [none]
[debug] [2026-03-26T13:52:21.356Z] >>> [apiv2][(partial)header] GET https://serviceusage.googleapis.com/v1/projects/ecommerce-8d256/services/cloudbuild.googleapis.com  x-goog-user-project=ecommerce-8d256
[debug] [2026-03-26T13:52:21.357Z] >>> [apiv2][query] GET https://serviceusage.googleapis.com/v1/projects/ecommerce-8d256/services/secretmanager.googleapis.com [none]
[debug] [2026-03-26T13:52:21.357Z] >>> [apiv2][(partial)header] GET https://serviceusage.googleapis.com/v1/projects/ecommerce-8d256/services/secretmanager.googleapis.com  x-goog-user-project=ecommerce-8d256
[debug] [2026-03-26T13:52:21.358Z] >>> [apiv2][query] GET https://serviceusage.googleapis.com/v1/projects/ecommerce-8d256/services/run.googleapis.com [none]
[debug] [2026-03-26T13:52:21.358Z] >>> [apiv2][(partial)header] GET https://serviceusage.googleapis.com/v1/projects/ecommerce-8d256/services/run.googleapis.com  x-goog-user-project=ecommerce-8d256
[debug] [2026-03-26T13:52:21.359Z] >>> [apiv2][query] GET https://serviceusage.googleapis.com/v1/projects/ecommerce-8d256/services/artifactregistry.googleapis.com [none]
[debug] [2026-03-26T13:52:21.359Z] >>> [apiv2][(partial)header] GET https://serviceusage.googleapis.com/v1/projects/ecommerce-8d256/services/artifactregistry.googleapis.com  x-goog-user-project=ecommerce-8d256
[debug] [2026-03-26T13:52:21.360Z] >>> [apiv2][query] GET https://serviceusage.googleapis.com/v1/projects/ecommerce-8d256/services/iam.googleapis.com [none]
[debug] [2026-03-26T13:52:21.360Z] >>> [apiv2][(partial)header] GET https://serviceusage.googleapis.com/v1/projects/ecommerce-8d256/services/iam.googleapis.com  x-goog-user-project=ecommerce-8d256
[debug] [2026-03-26T13:52:22.126Z] <<< [apiv2][status] GET https://serviceusage.googleapis.com/v1/projects/ecommerce-8d256/services/run.googleapis.com 200
[debug] [2026-03-26T13:52:22.126Z] <<< [apiv2][body] GET https://serviceusage.googleapis.com/v1/projects/ecommerce-8d256/services/run.googleapis.com [omitted]
[debug] [2026-03-26T13:52:23.002Z] <<< [apiv2][status] GET https://serviceusage.googleapis.com/v1/projects/ecommerce-8d256/services/developerconnect.googleapis.com 200
[debug] [2026-03-26T13:52:23.002Z] <<< [apiv2][body] GET https://serviceusage.googleapis.com/v1/projects/ecommerce-8d256/services/developerconnect.googleapis.com [omitted]
[debug] [2026-03-26T13:52:23.002Z] Checked if tokens are valid: true, expires at: 1774536579075
[debug] [2026-03-26T13:52:23.002Z] Checked if tokens are valid: true, expires at: 1774536579075
[debug] [2026-03-26T13:52:23.002Z] >>> [apiv2][query] POST https://serviceusage.googleapis.com/v1/projects/ecommerce-8d256/services/developerconnect.googleapis.com:enable [none]
[debug] [2026-03-26T13:52:23.002Z] >>> [apiv2][(partial)header] POST https://serviceusage.googleapis.com/v1/projects/ecommerce-8d256/services/developerconnect.googleapis.com:enable  x-goog-user-project=ecommerce-8d256
[debug] [2026-03-26T13:52:23.006Z] <<< [apiv2][status] GET https://serviceusage.googleapis.com/v1/projects/ecommerce-8d256/services/secretmanager.googleapis.com 200
[debug] [2026-03-26T13:52:23.006Z] <<< [apiv2][body] GET https://serviceusage.googleapis.com/v1/projects/ecommerce-8d256/services/secretmanager.googleapis.com [omitted]
[debug] [2026-03-26T13:52:23.019Z] <<< [apiv2][status] GET https://serviceusage.googleapis.com/v1/projects/ecommerce-8d256/services/cloudbuild.googleapis.com 200
[debug] [2026-03-26T13:52:23.019Z] <<< [apiv2][body] GET https://serviceusage.googleapis.com/v1/projects/ecommerce-8d256/services/cloudbuild.googleapis.com [omitted]
[debug] [2026-03-26T13:52:23.348Z] <<< [apiv2][status] GET https://serviceusage.googleapis.com/v1/projects/ecommerce-8d256/services/iam.googleapis.com 200
[debug] [2026-03-26T13:52:23.348Z] <<< [apiv2][body] GET https://serviceusage.googleapis.com/v1/projects/ecommerce-8d256/services/iam.googleapis.com [omitted]
[debug] [2026-03-26T13:52:23.359Z] <<< [apiv2][status] GET https://serviceusage.googleapis.com/v1/projects/ecommerce-8d256/services/artifactregistry.googleapis.com 200
[debug] [2026-03-26T13:52:23.359Z] <<< [apiv2][body] GET https://serviceusage.googleapis.com/v1/projects/ecommerce-8d256/services/artifactregistry.googleapis.com [omitted]
[debug] [2026-03-26T13:52:24.684Z] <<< [apiv2][status] POST https://serviceusage.googleapis.com/v1/projects/ecommerce-8d256/services/developerconnect.googleapis.com:enable 200
[debug] [2026-03-26T13:52:24.684Z] <<< [apiv2][body] POST https://serviceusage.googleapis.com/v1/projects/ecommerce-8d256/services/developerconnect.googleapis.com:enable [omitted]
[debug] [2026-03-26T13:52:34.702Z] Checked if tokens are valid: true, expires at: 1774536579075
[debug] [2026-03-26T13:52:34.702Z] Checked if tokens are valid: true, expires at: 1774536579075
[debug] [2026-03-26T13:52:34.702Z] >>> [apiv2][query] POST https://iam.googleapis.com/v1/projects/ecommerce-8d256/serviceAccounts/firebase-app-hosting-compute@ecommerce-8d256.iam.gserviceaccount.com:testIamPermissions [none]
[debug] [2026-03-26T13:52:34.702Z] >>> [apiv2][(partial)header] POST https://iam.googleapis.com/v1/projects/ecommerce-8d256/serviceAccounts/firebase-app-hosting-compute@ecommerce-8d256.iam.gserviceaccount.com:testIamPermissions  x-goog-user-project=ecommerce-8d256
[debug] [2026-03-26T13:52:34.702Z] >>> [apiv2][body] POST https://iam.googleapis.com/v1/projects/ecommerce-8d256/serviceAccounts/firebase-app-hosting-compute@ecommerce-8d256.iam.gserviceaccount.com:testIamPermissions {"permissions":["iam.serviceAccounts.actAs"]}
[debug] [2026-03-26T13:52:36.448Z] <<< [apiv2][status] POST https://iam.googleapis.com/v1/projects/ecommerce-8d256/serviceAccounts/firebase-app-hosting-compute@ecommerce-8d256.iam.gserviceaccount.com:testIamPermissions 404
[debug] [2026-03-26T13:52:36.449Z] <<< [apiv2][body] POST https://iam.googleapis.com/v1/projects/ecommerce-8d256/serviceAccounts/firebase-app-hosting-compute@ecommerce-8d256.iam.gserviceaccount.com:testIamPermissions {"error":{"code":404,"message":"Unknown service account","status":"NOT_FOUND"}}
[debug] [2026-03-26T13:52:36.449Z] Checked if tokens are valid: true, expires at: 1774536579075
[debug] [2026-03-26T13:52:36.449Z] Checked if tokens are valid: true, expires at: 1774536579075
[debug] [2026-03-26T13:52:36.449Z] >>> [apiv2][query] POST https://iam.googleapis.com/v1/projects/ecommerce-8d256/serviceAccounts [none]
[debug] [2026-03-26T13:52:36.449Z] >>> [apiv2][body] POST https://iam.googleapis.com/v1/projects/ecommerce-8d256/serviceAccounts {"accountId":"firebase-app-hosting-compute","serviceAccount":{"displayName":"Firebase App Hosting compute service account","description":"Default service account used to run builds and deploys for Firebase App Hosting"}}
[debug] [2026-03-26T13:52:37.370Z] <<< [apiv2][status] POST https://iam.googleapis.com/v1/projects/ecommerce-8d256/serviceAccounts 200
[debug] [2026-03-26T13:52:37.370Z] <<< [apiv2][body] POST https://iam.googleapis.com/v1/projects/ecommerce-8d256/serviceAccounts [omitted]
[debug] [2026-03-26T13:52:37.370Z] Checked if tokens are valid: true, expires at: 1774536579075
[debug] [2026-03-26T13:52:37.370Z] Checked if tokens are valid: true, expires at: 1774536579075
[debug] [2026-03-26T13:52:37.370Z] >>> [apiv2][query] POST https://cloudresourcemanager.googleapis.com/v1/projects/ecommerce-8d256:getIamPolicy [none]
[debug] [2026-03-26T13:52:37.965Z] <<< [apiv2][status] POST https://cloudresourcemanager.googleapis.com/v1/projects/ecommerce-8d256:getIamPolicy 200
[debug] [2026-03-26T13:52:37.965Z] <<< [apiv2][body] POST https://cloudresourcemanager.googleapis.com/v1/projects/ecommerce-8d256:getIamPolicy {"version":1,"etag":"BwZN7bFFLqM=","bindings":[{"role":"roles/cloudbuild.builds.builder","members":["serviceAccount:578839048758@cloudbuild.gserviceaccount.com"]},{"role":"roles/cloudbuild.serviceAgent","members":["serviceAccount:service-578839048758@gcp-sa-cloudbuild.iam.gserviceaccount.com"]},{"role":"roles/containerregistry.ServiceAgent","members":["serviceAccount:service-578839048758@containerregistry.iam.gserviceaccount.com"]},{"role":"roles/editor","members":["serviceAccount:578839048758-compute@developer.gserviceaccount.com"]},{"role":"roles/firebase.managementServiceAgent","members":["serviceAccount:service-578839048758@gcp-sa-firebase.iam.gserviceaccount.com"]},{"role":"roles/firebase.sdkAdminServiceAgent","members":["serviceAccount:firebase-adminsdk-fbsvc@ecommerce-8d256.iam.gserviceaccount.com"]},{"role":"roles/firebaserules.system","members":["serviceAccount:service-578839048758@firebase-rules.iam.gserviceaccount.com"]},{"role":"roles/firebasestorage.serviceAgent","members":["serviceAccount:service-578839048758@gcp-sa-firebasestorage.iam.gserviceaccount.com"]},{"role":"roles/firestore.serviceAgent","members":["serviceAccount:service-578839048758@gcp-sa-firestore.iam.gserviceaccount.com"]},{"role":"roles/iam.serviceAccountTokenCreator","members":["serviceAccount:firebase-adminsdk-fbsvc@ecommerce-8d256.iam.gserviceaccount.com"]},{"role":"roles/owner","members":["user:127158017@sastra.ac.in"]},{"role":"roles/run.serviceAgent","members":["serviceAccount:service-578839048758@serverless-robot-prod.iam.gserviceaccount.com"]},{"role":"roles/storage.admin","members":["serviceAccount:firebase-adminsdk-fbsvc@ecommerce-8d256.iam.gserviceaccount.com"]}]}
[debug] [2026-03-26T13:52:37.965Z] Checked if tokens are valid: true, expires at: 1774536579075
[debug] [2026-03-26T13:52:37.965Z] Checked if tokens are valid: true, expires at: 1774536579075
[debug] [2026-03-26T13:52:37.965Z] >>> [apiv2][query] POST https://cloudresourcemanager.googleapis.com/v1/projects/ecommerce-8d256:setIamPolicy [none]
[debug] [2026-03-26T13:52:37.965Z] >>> [apiv2][body] POST https://cloudresourcemanager.googleapis.com/v1/projects/ecommerce-8d256:setIamPolicy {"policy":{"version":1,"etag":"BwZN7bFFLqM=","bindings":[{"role":"roles/cloudbuild.builds.builder","members":["serviceAccount:578839048758@cloudbuild.gserviceaccount.com"]},{"role":"roles/cloudbuild.serviceAgent","members":["serviceAccount:service-578839048758@gcp-sa-cloudbuild.iam.gserviceaccount.com"]},{"role":"roles/containerregistry.ServiceAgent","members":["serviceAccount:service-578839048758@containerregistry.iam.gserviceaccount.com"]},{"role":"roles/editor","members":["serviceAccount:578839048758-compute@developer.gserviceaccount.com"]},{"role":"roles/firebase.managementServiceAgent","members":["serviceAccount:service-578839048758@gcp-sa-firebase.iam.gserviceaccount.com"]},{"role":"roles/firebase.sdkAdminServiceAgent","members":["serviceAccount:firebase-adminsdk-fbsvc@ecommerce-8d256.iam.gserviceaccount.com","serviceAccount:firebase-app-hosting-compute@ecommerce-8d256.iam.gserviceaccount.com"]},{"role":"roles/firebaserules.system","members":["serviceAccount:service-578839048758@firebase-rules.iam.gserviceaccount.com"]},{"role":"roles/firebasestorage.serviceAgent","members":["serviceAccount:service-578839048758@gcp-sa-firebasestorage.iam.gserviceaccount.com"]},{"role":"roles/firestore.serviceAgent","members":["serviceAccount:service-578839048758@gcp-sa-firestore.iam.gserviceaccount.com"]},{"role":"roles/iam.serviceAccountTokenCreator","members":["serviceAccount:firebase-adminsdk-fbsvc@ecommerce-8d256.iam.gserviceaccount.com"]},{"role":"roles/owner","members":["user:127158017@sastra.ac.in"]},{"role":"roles/run.serviceAgent","members":["serviceAccount:service-578839048758@serverless-robot-prod.iam.gserviceaccount.com"]},{"role":"roles/storage.admin","members":["serviceAccount:firebase-adminsdk-fbsvc@ecommerce-8d256.iam.gserviceaccount.com"]},{"role":"roles/firebaseapphosting.computeRunner","members":["serviceAccount:firebase-app-hosting-compute@ecommerce-8d256.iam.gserviceaccount.com"]},{"role":"roles/developerconnect.readTokenAccessor","members":["serviceAccount:firebase-app-hosting-compute@ecommerce-8d256.iam.gserviceaccount.com"]},{"role":"roles/storage.objectViewer","members":["serviceAccount:firebase-app-hosting-compute@ecommerce-8d256.iam.gserviceaccount.com"]}]},"updateMask":"bindings"}
[debug] [2026-03-26T13:52:39.313Z] <<< [apiv2][status] POST https://cloudresourcemanager.googleapis.com/v1/projects/ecommerce-8d256:setIamPolicy 200
[debug] [2026-03-26T13:52:39.313Z] <<< [apiv2][body] POST https://cloudresourcemanager.googleapis.com/v1/projects/ecommerce-8d256:setIamPolicy {"version":1,"etag":"BwZN7bKc8YQ=","bindings":[{"role":"roles/cloudbuild.builds.builder","members":["serviceAccount:578839048758@cloudbuild.gserviceaccount.com"]},{"role":"roles/cloudbuild.serviceAgent","members":["serviceAccount:service-578839048758@gcp-sa-cloudbuild.iam.gserviceaccount.com"]},{"role":"roles/containerregistry.ServiceAgent","members":["serviceAccount:service-578839048758@containerregistry.iam.gserviceaccount.com"]},{"role":"roles/developerconnect.readTokenAccessor","members":["serviceAccount:firebase-app-hosting-compute@ecommerce-8d256.iam.gserviceaccount.com"]},{"role":"roles/editor","members":["serviceAccount:578839048758-compute@developer.gserviceaccount.com"]},{"role":"roles/firebase.managementServiceAgent","members":["serviceAccount:service-578839048758@gcp-sa-firebase.iam.gserviceaccount.com"]},{"role":"roles/firebase.sdkAdminServiceAgent","members":["serviceAccount:firebase-adminsdk-fbsvc@ecommerce-8d256.iam.gserviceaccount.com","serviceAccount:firebase-app-hosting-compute@ecommerce-8d256.iam.gserviceaccount.com"]},{"role":"roles/firebaseapphosting.computeRunner","members":["serviceAccount:firebase-app-hosting-compute@ecommerce-8d256.iam.gserviceaccount.com"]},{"role":"roles/firebaserules.system","members":["serviceAccount:service-578839048758@firebase-rules.iam.gserviceaccount.com"]},{"role":"roles/firebasestorage.serviceAgent","members":["serviceAccount:service-578839048758@gcp-sa-firebasestorage.iam.gserviceaccount.com"]},{"role":"roles/firestore.serviceAgent","members":["serviceAccount:service-578839048758@gcp-sa-firestore.iam.gserviceaccount.com"]},{"role":"roles/iam.serviceAccountTokenCreator","members":["serviceAccount:firebase-adminsdk-fbsvc@ecommerce-8d256.iam.gserviceaccount.com"]},{"role":"roles/owner","members":["user:127158017@sastra.ac.in"]},{"role":"roles/run.serviceAgent","members":["serviceAccount:service-578839048758@serverless-robot-prod.iam.gserviceaccount.com"]},{"role":"roles/storage.admin","members":["serviceAccount:firebase-adminsdk-fbsvc@ecommerce-8d256.iam.gserviceaccount.com"]},{"role":"roles/storage.objectViewer","members":["serviceAccount:firebase-app-hosting-compute@ecommerce-8d256.iam.gserviceaccount.com"]}]}
[info] i  This command links your local project to Firebase App Hosting. You will be able to deploy your web app with `firebase deploy` after setup. 
[debug] [2026-03-26T13:55:13.414Z] ExitPromptError: User force closed the prompt with SIGINT
    at Interface.sigint (C:\Users\harin\AppData\Roaming\npm\node_modules\firebase-tools\node_modules\@inquirer\core\dist\commonjs\lib\create-prompt.js:101:37)
    at Interface.emit (node:events:508:28)
    at [_ttyWrite] [as _ttyWrite] (node:internal/readline/interface:1327:18)
    at ReadStream.onkeypress (node:internal/readline/interface:284:20)
    at ReadStream.emit (node:events:520:35)
    at emitKeys (node:internal/readline/utils:371:14)
    at emitKeys.next (<anonymous>)
    at ReadStream.onData (node:internal/readline/emitKeypressEvents:64:36)
    at ReadStream.emit (node:events:508:28)
    at addChunk (node:internal/streams/readable:563:12)
[error] 
[error] Error: An unexpected error has occurred.
[debug] [2026-03-26T13:55:15.245Z] ----------------------------------------------------------------------
[debug] [2026-03-26T13:55:15.247Z] Command:       C:\Program Files\nodejs\node.exe C:\Users\harin\AppData\Roaming\npm\node_modules\firebase-tools\lib\bin\firebase.js init
[debug] [2026-03-26T13:55:15.248Z] CLI Version:   15.11.0
[debug] [2026-03-26T13:55:15.248Z] Platform:      win32
[debug] [2026-03-26T13:55:15.248Z] Node Version:  v24.14.1
[debug] [2026-03-26T13:55:15.248Z] Time:          Thu Mar 26 2026 19:25:15 GMT+0530 (India Standard Time)
[debug] [2026-03-26T13:55:15.248Z] ----------------------------------------------------------------------
[debug] 
[info] 
     ######## #### ########  ######## ########     ###     ######  ########
     ##        ##  ##     ## ##       ##     ##  ##   ##  ##       ##
     ######    ##  ########  ######   ########  #########  ######  ######
     ##        ##  ##    ##  ##       ##     ## ##     ##       ## ##
     ##       #### ##     ## ######## ########  ##     ##  ######  ########

You're about to initialize a Firebase project in this directory:

  D:\vedikadai

[info] 
=== Project Setup
[info] 
[info] First, let's associate this project directory with a Firebase project.
[info] You can create multiple project aliases by running firebase use --add, 
[info] 
[debug] [2026-03-26T13:55:34.301Z] > command requires scopes: ["email","openid","https://www.googleapis.com/auth/cloudplatformprojects.readonly","https://www.googleapis.com/auth/firebase","https://www.googleapis.com/auth/cloud-platform"]
[debug] [2026-03-26T13:55:34.302Z] > authorizing via signed-in user (127158017@sastra.ac.in)
[debug] [2026-03-26T13:55:34.302Z] Checked if tokens are valid: true, expires at: 1774536579075
[debug] [2026-03-26T13:55:34.303Z] Checked if tokens are valid: true, expires at: 1774536579075
[debug] [2026-03-26T13:55:34.303Z] >>> [apiv2][query] GET https://firebase.googleapis.com/v1beta1/projects/ecommerce-8d256 [none]
[debug] [2026-03-26T13:55:35.689Z] <<< [apiv2][status] GET https://firebase.googleapis.com/v1beta1/projects/ecommerce-8d256 200
[debug] [2026-03-26T13:55:35.689Z] <<< [apiv2][body] GET https://firebase.googleapis.com/v1beta1/projects/ecommerce-8d256 {"projectId":"ecommerce-8d256","projectNumber":"578839048758","displayName":"ecommerce","name":"projects/ecommerce-8d256","resources":{"hostingSite":"ecommerce-8d256"},"state":"ACTIVE","etag":"1_badb6fd0-b871-46a2-a926-dde5709896eb"}
[info] i  Using project ecommerce-8d256 (ecommerce) . 
[info] 
=== Hosting Setup
[info] 
[debug] [2026-03-26T13:57:01.531Z] ExitPromptError: User force closed the prompt with SIGINT
    at Interface.sigint (C:\Users\harin\AppData\Roaming\npm\node_modules\firebase-tools\node_modules\@inquirer\core\dist\commonjs\lib\create-prompt.js:101:37)
    at Interface.emit (node:events:508:28)
    at [_ttyWrite] [as _ttyWrite] (node:internal/readline/interface:1327:18)
    at ReadStream.onkeypress (node:internal/readline/interface:284:20)
    at ReadStream.emit (node:events:520:35)
    at emitKeys (node:internal/readline/utils:371:14)
    at emitKeys.next (<anonymous>)
    at ReadStream.onData (node:internal/readline/emitKeypressEvents:64:36)
    at ReadStream.emit (node:events:508:28)
    at addChunk (node:internal/streams/readable:563:12)
[error] 
[error] Error: An unexpected error has occurred.
